// Jest Snapshot v1, https://goo.gl/fbAQLP

exports[`<AccordionItem /> should match snapshot 1`] = `
"<section className=\\"item\\">
  <header className=\\"header \\" onClick={[Function: onClick]}>
    <h2>
      <div className=\\"title\\">
        <p>
          Trailers
        </p>
      </div>
    </h2>
    <div className=\\"headerOverlay\\" />
  </header>
  <div className=\\"body  bodyRight \\">
    <SvgClose className=\\"close icon-close icon-close--dark\\" onClick={[Function: onClick]} width=\\"20px\\" height=\\"20px\\" />
    <div>
      <p>
        No Information
      </p>
    </div>
  </div>
</section>"
`;
